MAP
  NAME "FloodWatchLayers"
  STATUS ON
  SIZE 800 600
  EXTENT -180 -90 180 90  # Default to world extent, adjust to your data
  UNITS DD
  
  # Map output format
  OUTPUTFORMAT
    NAME "png"
    DRIVER "AGG/PNG"
    MIMETYPE "image/png"
    IMAGEMODE RGBA
    EXTENSION "png"
    TRANSPARENT ON
  END
  
  # Web configuration for WMS
  WEB
    METADATA
      "wms_title" "Flood Watch System Layers"
      "wms_srs" "EPSG:4326 EPSG:3857"
      "wms_enable_request" "*"
      "wms_onlineresource" "http://localhost/cgi-bin/mapserv?map=/var/www/html/mapfiles/admin.map"
    END
  END
  
  # Define projection
  PROJECTION
    "init=epsg:4326"
  END
  
  # Define the admin boundaries layer
  LAYER
    NAME "admin_boundaries"
    STATUS ON
    TYPE POLYGON
    DATA "/etc/mapserver/data/vector/admin1.shp"
    
    PROJECTION
      "init=epsg:4326"
    END
    
    METADATA
      "wms_title" "Administrative Boundaries"
      "wms_srs" "EPSG:4326 EPSG:3857"
    END
    
    CLASS
      NAME "Admin Boundaries"
      STYLE
        COLOR 200 200 200
        OUTLINECOLOR 0 0 0
        WIDTH 1
      END
    END
  END
  
  # Example Raster Layer (commented out until actual data is available)
  # LAYER
  #   NAME "rainfall_raster"
  #   STATUS ON
  #   TYPE RASTER
  #   DATA "/etc/mapserver/data/raster/rainfall.tif"
  #   
  #   PROJECTION
  #     "init=epsg:4326"
  #   END
  #   
  #   METADATA
  #     "wms_title" "Rainfall Data"
  #     "wms_srs" "EPSG:4326 EPSG:3857"
  #   END
  #   
  #   PROCESSING "SCALE=0,100"
  #   PROCESSING "SCALE_BUCKETS=10"
  #   
  #   CLASSITEM "[pixel]"
  #   
  #   CLASS
  #     NAME "No Data"
  #     EXPRESSION ([pixel] < 0)
  #     STYLE
  #       COLOR 255 255 255
  #       OPACITY 0
  #     END
  #   END
  #   
  #   CLASS
  #     NAME "Low"
  #     EXPRESSION ([pixel] >= 0 AND [pixel] < 25)
  #     STYLE
  #       COLOR 255 255 204
  #     END
  #   END
  #   
  #   CLASS
  #     NAME "Medium"
  #     EXPRESSION ([pixel] >= 25 AND [pixel] < 50)
  #     STYLE
  #       COLOR 161 218 180
  #     END
  #   END
  #   
  #   CLASS
  #     NAME "High"
  #     EXPRESSION ([pixel] >= 50 AND [pixel] < 75)
  #     STYLE
  #       COLOR 65 182 196
  #     END
  #   END
  #   
  #   CLASS
  #     NAME "Very High"
  #     EXPRESSION ([pixel] >= 75)
  #     STYLE
  #       COLOR 34 94 168
  #     END
  #   END
  # END
  
END